  Determining projects to restore...
  All projects are up-to-date for restore.
  ManageMyMoney.Core.Domain -> C:\Users\fcastro\source\repos\ManageMyMoneyApi\ManageMyMoney.Core.Domain\bin\Debug\net8.0\ManageMyMoney.Core.Domain.dll
  ManageMyMoney.Core.Application -> C:\Users\fcastro\source\repos\ManageMyMoneyApi\ManageMyMoney.Core.Application\bin\Debug\net8.0\ManageMyMoney.Core.Application.dll
  ManageMyMoney.Infrastructure.Persistence -> C:\Users\fcastro\source\repos\ManageMyMoneyApi\ManageMyMoney.Infrastructure.Persistence\bin\Debug\net8.0\ManageMyMoney.Infrastructure.Persistence.dll
C:\Program Files\dotnet\sdk\10.0.102\Microsoft.Common.CurrentVersion.targets(2437,5): warning MSB3277: Found conflicts between different versions of "Microsoft.EntityFrameworkCore.Relational" that could not be resolved. [C:\Users\fcastro\source\repos\ManageMyMoneyApi\ManageMyMoney.Tools.DatabaseFixer\ManageMyMoney.Tools.DatabaseFixer.csproj]
C:\Program Files\dotnet\sdk\10.0.102\Microsoft.Common.CurrentVersion.targets(2437,5): warning MSB3277: There was a conflict between "Microsoft.EntityFrameworkCore.Relational, Version=8.0.10.0, Culture=neutral, PublicKeyToken=adb9793829ddae60" and "Microsoft.EntityFrameworkCore.Relational, Version=8.0.11.0, Culture=neutral, PublicKeyToken=adb9793829ddae60". [C:\Users\fcastro\source\repos\ManageMyMoneyApi\ManageMyMoney.Tools.DatabaseFixer\ManageMyMoney.Tools.DatabaseFixer.csproj]
C:\Program Files\dotnet\sdk\10.0.102\Microsoft.Common.CurrentVersion.targets(2437,5): warning MSB3277:     "Microsoft.EntityFrameworkCore.Relational, Version=8.0.10.0, Culture=neutral, PublicKeyToken=adb9793829ddae60" was chosen because it was primary and "Microsoft.EntityFrameworkCore.Relational, Version=8.0.11.0, Culture=neutral, PublicKeyToken=adb9793829ddae60" was not. [C:\Users\fcastro\source\repos\ManageMyMoneyApi\ManageMyMoney.Tools.DatabaseFixer\ManageMyMoney.Tools.DatabaseFixer.csproj]
C:\Program Files\dotnet\sdk\10.0.102\Microsoft.Common.CurrentVersion.targets(2437,5): warning MSB3277:     References which depend on "Microsoft.EntityFrameworkCore.Relational, Version=8.0.10.0, Culture=neutral, PublicKeyToken=adb9793829ddae60" [C:\Users\fcastro\.nuget\packages\microsoft.entityframeworkcore.relational\8.0.10\lib\net8.0\Microsoft.EntityFrameworkCore.Relational.dll]. [C:\Users\fcastro\source\repos\ManageMyMoneyApi\ManageMyMoney.Tools.DatabaseFixer\ManageMyMoney.Tools.DatabaseFixer.csproj]
C:\Program Files\dotnet\sdk\10.0.102\Microsoft.Common.CurrentVersion.targets(2437,5): warning MSB3277:         C:\Users\fcastro\.nuget\packages\microsoft.entityframeworkcore.relational\8.0.10\lib\net8.0\Microsoft.EntityFrameworkCore.Relational.dll [C:\Users\fcastro\source\repos\ManageMyMoneyApi\ManageMyMoney.Tools.DatabaseFixer\ManageMyMoney.Tools.DatabaseFixer.csproj]
C:\Program Files\dotnet\sdk\10.0.102\Microsoft.Common.CurrentVersion.targets(2437,5): warning MSB3277:           Project file item includes which caused reference "C:\Users\fcastro\.nuget\packages\microsoft.entityframeworkcore.relational\8.0.10\lib\net8.0\Microsoft.EntityFrameworkCore.Relational.dll". [C:\Users\fcastro\source\repos\ManageMyMoneyApi\ManageMyMoney.Tools.DatabaseFixer\ManageMyMoney.Tools.DatabaseFixer.csproj]
C:\Program Files\dotnet\sdk\10.0.102\Microsoft.Common.CurrentVersion.targets(2437,5): warning MSB3277:             C:\Users\fcastro\.nuget\packages\microsoft.entityframeworkcore.relational\8.0.10\lib\net8.0\Microsoft.EntityFrameworkCore.Relational.dll [C:\Users\fcastro\source\repos\ManageMyMoneyApi\ManageMyMoney.Tools.DatabaseFixer\ManageMyMoney.Tools.DatabaseFixer.csproj]
C:\Program Files\dotnet\sdk\10.0.102\Microsoft.Common.CurrentVersion.targets(2437,5): warning MSB3277:     References which depend on or have been unified to "Microsoft.EntityFrameworkCore.Relational, Version=8.0.11.0, Culture=neutral, PublicKeyToken=adb9793829ddae60" []. [C:\Users\fcastro\source\repos\ManageMyMoneyApi\ManageMyMoney.Tools.DatabaseFixer\ManageMyMoney.Tools.DatabaseFixer.csproj]
C:\Program Files\dotnet\sdk\10.0.102\Microsoft.Common.CurrentVersion.targets(2437,5): warning MSB3277:         C:\Users\fcastro\source\repos\ManageMyMoneyApi\ManageMyMoney.Infrastructure.Persistence\bin\Debug\net8.0\ManageMyMoney.Infrastructure.Persistence.dll [C:\Users\fcastro\source\repos\ManageMyMoneyApi\ManageMyMoney.Tools.DatabaseFixer\ManageMyMoney.Tools.DatabaseFixer.csproj]
C:\Program Files\dotnet\sdk\10.0.102\Microsoft.Common.CurrentVersion.targets(2437,5): warning MSB3277:           Project file item includes which caused reference "C:\Users\fcastro\source\repos\ManageMyMoneyApi\ManageMyMoney.Infrastructure.Persistence\bin\Debug\net8.0\ManageMyMoney.Infrastructure.Persistence.dll". [C:\Users\fcastro\source\repos\ManageMyMoneyApi\ManageMyMoney.Tools.DatabaseFixer\ManageMyMoney.Tools.DatabaseFixer.csproj]
C:\Program Files\dotnet\sdk\10.0.102\Microsoft.Common.CurrentVersion.targets(2437,5): warning MSB3277:             C:\Users\fcastro\source\repos\ManageMyMoneyApi\ManageMyMoney.Infrastructure.Persistence\bin\Debug\net8.0\ManageMyMoney.Infrastructure.Persistence.dll [C:\Users\fcastro\source\repos\ManageMyMoneyApi\ManageMyMoney.Tools.DatabaseFixer\ManageMyMoney.Tools.DatabaseFixer.csproj]
  ManageMyMoney.Infrastructure.Shared -> C:\Users\fcastro\source\repos\ManageMyMoneyApi\ManageMyMoney.Infrastructure.Shared\bin\Debug\net8.0\ManageMyMoney.Infrastructure.Shared.dll
C:\Users\fcastro\source\repos\ManageMyMoneyApi\ManageMyMoney.Tools.DatabaseFixer\Program.cs(116,84): error CS1501: No overload for method 'Count' takes 0 arguments [C:\Users\fcastro\source\repos\ManageMyMoneyApi\ManageMyMoney.Tools.DatabaseFixer\ManageMyMoney.Tools.DatabaseFixer.csproj]
C:\Users\fcastro\source\repos\ManageMyMoneyApi\ManageMyMoney.Tools.DatabaseFixer\Program.cs(117,78): error CS1501: No overload for method 'Count' takes 0 arguments [C:\Users\fcastro\source\repos\ManageMyMoneyApi\ManageMyMoney.Tools.DatabaseFixer\ManageMyMoney.Tools.DatabaseFixer.csproj]
C:\Users\fcastro\source\repos\ManageMyMoneyApi\ManageMyMoney.Tools.DatabaseFixer\Program.cs(118,84): error CS1501: No overload for method 'Count' takes 0 arguments [C:\Users\fcastro\source\repos\ManageMyMoneyApi\ManageMyMoney.Tools.DatabaseFixer\ManageMyMoney.Tools.DatabaseFixer.csproj]
C:\Users\fcastro\source\repos\ManageMyMoneyApi\ManageMyMoney.Tools.DatabaseFixer\Program.cs(186,84): error CS1501: No overload for method 'Count' takes 0 arguments [C:\Users\fcastro\source\repos\ManageMyMoneyApi\ManageMyMoney.Tools.DatabaseFixer\ManageMyMoney.Tools.DatabaseFixer.csproj]
C:\Users\fcastro\source\repos\ManageMyMoneyApi\ManageMyMoney.Tools.DatabaseFixer\Program.cs(187,78): error CS1501: No overload for method 'Count' takes 0 arguments [C:\Users\fcastro\source\repos\ManageMyMoneyApi\ManageMyMoney.Tools.DatabaseFixer\ManageMyMoney.Tools.DatabaseFixer.csproj]
C:\Users\fcastro\source\repos\ManageMyMoneyApi\ManageMyMoney.Tools.DatabaseFixer\Program.cs(189,35): error CS1501: No overload for method 'Count' takes 0 arguments [C:\Users\fcastro\source\repos\ManageMyMoneyApi\ManageMyMoney.Tools.DatabaseFixer\ManageMyMoney.Tools.DatabaseFixer.csproj]
C:\Users\fcastro\source\repos\ManageMyMoneyApi\ManageMyMoney.Tools.DatabaseFixer\Program.cs(189,65): error CS1061: 'IEnumerable<string>' does not contain a definition for 'Any' and no accessible extension method 'Any' accepting a first argument of type 'IEnumerable<string>' could be found (are you missing a using directive or an assembly reference?) [C:\Users\fcastro\source\repos\ManageMyMoneyApi\ManageMyMoney.Tools.DatabaseFixer\ManageMyMoney.Tools.DatabaseFixer.csproj]
C:\Users\fcastro\source\repos\ManageMyMoneyApi\ManageMyMoney.Tools.DatabaseFixer\Program.cs(226,39): error CS1061: 'IEnumerable<string>' does not contain a definition for 'Any' and no accessible extension method 'Any' accepting a first argument of type 'IEnumerable<string>' could be found (are you missing a using directive or an assembly reference?) [C:\Users\fcastro\source\repos\ManageMyMoneyApi\ManageMyMoney.Tools.DatabaseFixer\ManageMyMoney.Tools.DatabaseFixer.csproj]
C:\Users\fcastro\source\repos\ManageMyMoneyApi\ManageMyMoney.Tools.DatabaseFixer\Program.cs(228,103): error CS1501: No overload for method 'Count' takes 0 arguments [C:\Users\fcastro\source\repos\ManageMyMoneyApi\ManageMyMoney.Tools.DatabaseFixer\ManageMyMoney.Tools.DatabaseFixer.csproj]
C:\Users\fcastro\source\repos\ManageMyMoneyApi\ManageMyMoney.Tools.DatabaseFixer\Program.cs(254,40): warning EF1002: Method 'ExecuteSqlRawAsync' inserts interpolated strings directly into the SQL, without any protection against SQL injection. Consider using 'ExecuteSqlAsync' instead, which protects against SQL injection, or make sure that the value is sanitized and suppress the warning. [C:\Users\fcastro\source\repos\ManageMyMoneyApi\ManageMyMoney.Tools.DatabaseFixer\ManageMyMoney.Tools.DatabaseFixer.csproj]
  ManageMyMoney.Presentation.Api -> C:\Users\fcastro\source\repos\ManageMyMoneyApi\ManageMyMoney.Presentation.Api\bin\Debug\net8.0\ManageMyMoney.Presentation.Api.dll

Build FAILED.

C:\Program Files\dotnet\sdk\10.0.102\Microsoft.Common.CurrentVersion.targets(2437,5): warning MSB3277: Found conflicts between different versions of "Microsoft.EntityFrameworkCore.Relational" that could not be resolved. [C:\Users\fcastro\source\repos\ManageMyMoneyApi\ManageMyMoney.Tools.DatabaseFixer\ManageMyMoney.Tools.DatabaseFixer.csproj]
C:\Program Files\dotnet\sdk\10.0.102\Microsoft.Common.CurrentVersion.targets(2437,5): warning MSB3277: There was a conflict between "Microsoft.EntityFrameworkCore.Relational, Version=8.0.10.0, Culture=neutral, PublicKeyToken=adb9793829ddae60" and "Microsoft.EntityFrameworkCore.Relational, Version=8.0.11.0, Culture=neutral, PublicKeyToken=adb9793829ddae60". [C:\Users\fcastro\source\repos\ManageMyMoneyApi\ManageMyMoney.Tools.DatabaseFixer\ManageMyMoney.Tools.DatabaseFixer.csproj]
C:\Program Files\dotnet\sdk\10.0.102\Microsoft.Common.CurrentVersion.targets(2437,5): warning MSB3277:     "Microsoft.EntityFrameworkCore.Relational, Version=8.0.10.0, Culture=neutral, PublicKeyToken=adb9793829ddae60" was chosen because it was primary and "Microsoft.EntityFrameworkCore.Relational, Version=8.0.11.0, Culture=neutral, PublicKeyToken=adb9793829ddae60" was not. [C:\Users\fcastro\source\repos\ManageMyMoneyApi\ManageMyMoney.Tools.DatabaseFixer\ManageMyMoney.Tools.DatabaseFixer.csproj]
C:\Program Files\dotnet\sdk\10.0.102\Microsoft.Common.CurrentVersion.targets(2437,5): warning MSB3277:     References which depend on "Microsoft.EntityFrameworkCore.Relational, Version=8.0.10.0, Culture=neutral, PublicKeyToken=adb9793829ddae60" [C:\Users\fcastro\.nuget\packages\microsoft.entityframeworkcore.relational\8.0.10\lib\net8.0\Microsoft.EntityFrameworkCore.Relational.dll]. [C:\Users\fcastro\source\repos\ManageMyMoneyApi\ManageMyMoney.Tools.DatabaseFixer\ManageMyMoney.Tools.DatabaseFixer.csproj]
C:\Program Files\dotnet\sdk\10.0.102\Microsoft.Common.CurrentVersion.targets(2437,5): warning MSB3277:         C:\Users\fcastro\.nuget\packages\microsoft.entityframeworkcore.relational\8.0.10\lib\net8.0\Microsoft.EntityFrameworkCore.Relational.dll [C:\Users\fcastro\source\repos\ManageMyMoneyApi\ManageMyMoney.Tools.DatabaseFixer\ManageMyMoney.Tools.DatabaseFixer.csproj]
C:\Program Files\dotnet\sdk\10.0.102\Microsoft.Common.CurrentVersion.targets(2437,5): warning MSB3277:           Project file item includes which caused reference "C:\Users\fcastro\.nuget\packages\microsoft.entityframeworkcore.relational\8.0.10\lib\net8.0\Microsoft.EntityFrameworkCore.Relational.dll". [C:\Users\fcastro\source\repos\ManageMyMoneyApi\ManageMyMoney.Tools.DatabaseFixer\ManageMyMoney.Tools.DatabaseFixer.csproj]
C:\Program Files\dotnet\sdk\10.0.102\Microsoft.Common.CurrentVersion.targets(2437,5): warning MSB3277:             C:\Users\fcastro\.nuget\packages\microsoft.entityframeworkcore.relational\8.0.10\lib\net8.0\Microsoft.EntityFrameworkCore.Relational.dll [C:\Users\fcastro\source\repos\ManageMyMoneyApi\ManageMyMoney.Tools.DatabaseFixer\ManageMyMoney.Tools.DatabaseFixer.csproj]
C:\Program Files\dotnet\sdk\10.0.102\Microsoft.Common.CurrentVersion.targets(2437,5): warning MSB3277:     References which depend on or have been unified to "Microsoft.EntityFrameworkCore.Relational, Version=8.0.11.0, Culture=neutral, PublicKeyToken=adb9793829ddae60" []. [C:\Users\fcastro\source\repos\ManageMyMoneyApi\ManageMyMoney.Tools.DatabaseFixer\ManageMyMoney.Tools.DatabaseFixer.csproj]
C:\Program Files\dotnet\sdk\10.0.102\Microsoft.Common.CurrentVersion.targets(2437,5): warning MSB3277:         C:\Users\fcastro\source\repos\ManageMyMoneyApi\ManageMyMoney.Infrastructure.Persistence\bin\Debug\net8.0\ManageMyMoney.Infrastructure.Persistence.dll [C:\Users\fcastro\source\repos\ManageMyMoneyApi\ManageMyMoney.Tools.DatabaseFixer\ManageMyMoney.Tools.DatabaseFixer.csproj]
C:\Program Files\dotnet\sdk\10.0.102\Microsoft.Common.CurrentVersion.targets(2437,5): warning MSB3277:           Project file item includes which caused reference "C:\Users\fcastro\source\repos\ManageMyMoneyApi\ManageMyMoney.Infrastructure.Persistence\bin\Debug\net8.0\ManageMyMoney.Infrastructure.Persistence.dll". [C:\Users\fcastro\source\repos\ManageMyMoneyApi\ManageMyMoney.Tools.DatabaseFixer\ManageMyMoney.Tools.DatabaseFixer.csproj]
C:\Program Files\dotnet\sdk\10.0.102\Microsoft.Common.CurrentVersion.targets(2437,5): warning MSB3277:             C:\Users\fcastro\source\repos\ManageMyMoneyApi\ManageMyMoney.Infrastructure.Persistence\bin\Debug\net8.0\ManageMyMoney.Infrastructure.Persistence.dll [C:\Users\fcastro\source\repos\ManageMyMoneyApi\ManageMyMoney.Tools.DatabaseFixer\ManageMyMoney.Tools.DatabaseFixer.csproj]
C:\Users\fcastro\source\repos\ManageMyMoneyApi\ManageMyMoney.Tools.DatabaseFixer\Program.cs(254,40): warning EF1002: Method 'ExecuteSqlRawAsync' inserts interpolated strings directly into the SQL, without any protection against SQL injection. Consider using 'ExecuteSqlAsync' instead, which protects against SQL injection, or make sure that the value is sanitized and suppress the warning. [C:\Users\fcastro\source\repos\ManageMyMoneyApi\ManageMyMoney.Tools.DatabaseFixer\ManageMyMoney.Tools.DatabaseFixer.csproj]
C:\Users\fcastro\source\repos\ManageMyMoneyApi\ManageMyMoney.Tools.DatabaseFixer\Program.cs(116,84): error CS1501: No overload for method 'Count' takes 0 arguments [C:\Users\fcastro\source\repos\ManageMyMoneyApi\ManageMyMoney.Tools.DatabaseFixer\ManageMyMoney.Tools.DatabaseFixer.csproj]
C:\Users\fcastro\source\repos\ManageMyMoneyApi\ManageMyMoney.Tools.DatabaseFixer\Program.cs(117,78): error CS1501: No overload for method 'Count' takes 0 arguments [C:\Users\fcastro\source\repos\ManageMyMoneyApi\ManageMyMoney.Tools.DatabaseFixer\ManageMyMoney.Tools.DatabaseFixer.csproj]
C:\Users\fcastro\source\repos\ManageMyMoneyApi\ManageMyMoney.Tools.DatabaseFixer\Program.cs(118,84): error CS1501: No overload for method 'Count' takes 0 arguments [C:\Users\fcastro\source\repos\ManageMyMoneyApi\ManageMyMoney.Tools.DatabaseFixer\ManageMyMoney.Tools.DatabaseFixer.csproj]
C:\Users\fcastro\source\repos\ManageMyMoneyApi\ManageMyMoney.Tools.DatabaseFixer\Program.cs(186,84): error CS1501: No overload for method 'Count' takes 0 arguments [C:\Users\fcastro\source\repos\ManageMyMoneyApi\ManageMyMoney.Tools.DatabaseFixer\ManageMyMoney.Tools.DatabaseFixer.csproj]
C:\Users\fcastro\source\repos\ManageMyMoneyApi\ManageMyMoney.Tools.DatabaseFixer\Program.cs(187,78): error CS1501: No overload for method 'Count' takes 0 arguments [C:\Users\fcastro\source\repos\ManageMyMoneyApi\ManageMyMoney.Tools.DatabaseFixer\ManageMyMoney.Tools.DatabaseFixer.csproj]
C:\Users\fcastro\source\repos\ManageMyMoneyApi\ManageMyMoney.Tools.DatabaseFixer\Program.cs(189,35): error CS1501: No overload for method 'Count' takes 0 arguments [C:\Users\fcastro\source\repos\ManageMyMoneyApi\ManageMyMoney.Tools.DatabaseFixer\ManageMyMoney.Tools.DatabaseFixer.csproj]
C:\Users\fcastro\source\repos\ManageMyMoneyApi\ManageMyMoney.Tools.DatabaseFixer\Program.cs(189,65): error CS1061: 'IEnumerable<string>' does not contain a definition for 'Any' and no accessible extension method 'Any' accepting a first argument of type 'IEnumerable<string>' could be found (are you missing a using directive or an assembly reference?) [C:\Users\fcastro\source\repos\ManageMyMoneyApi\ManageMyMoney.Tools.DatabaseFixer\ManageMyMoney.Tools.DatabaseFixer.csproj]
C:\Users\fcastro\source\repos\ManageMyMoneyApi\ManageMyMoney.Tools.DatabaseFixer\Program.cs(226,39): error CS1061: 'IEnumerable<string>' does not contain a definition for 'Any' and no accessible extension method 'Any' accepting a first argument of type 'IEnumerable<string>' could be found (are you missing a using directive or an assembly reference?) [C:\Users\fcastro\source\repos\ManageMyMoneyApi\ManageMyMoney.Tools.DatabaseFixer\ManageMyMoney.Tools.DatabaseFixer.csproj]
C:\Users\fcastro\source\repos\ManageMyMoneyApi\ManageMyMoney.Tools.DatabaseFixer\Program.cs(228,103): error CS1501: No overload for method 'Count' takes 0 arguments [C:\Users\fcastro\source\repos\ManageMyMoneyApi\ManageMyMoney.Tools.DatabaseFixer\ManageMyMoney.Tools.DatabaseFixer.csproj]
    2 Warning(s)
    9 Error(s)

Time Elapsed 00:00:07.96
